'{"type":"FeatureCollection","features":[\r\n{"properties":{"electorateName":"Fenner","electorateShortName":"fenner","area":238.212122,"state":"ACT"},"type":"Feature","geometry":{"type":"MultiPolygon","c'