[
  {
    "Id": 1336,
    "Name": "#Sustainable Australia",
    "Code": "Sustainable Australia",
    "Abbreviation": "Sustainable Australia",
    "RegisterDate": "23 September 2010",
    "AmendmentDate": "23 September 2010",
    "Address": "PO Box 575\nCROWS NEST NSW 1585",
    "Officer": {
      "Title": "Mr",
      "FamilyName": "Bourke",
      "GivenNames": "William",
      "Address": {
        "Line1": "Suite 15, 20 Burlington Street",
        "Suburb": "CROWS NEST",
        "State": "NSW",
        "Postcode": 2065
      }
    },
    "DeputyOfficers": [
      {
        "Title": "Mr",
        "FamilyName": "Haydon",
        "GivenNames": "John",
        "Address": {
          "Line1": "3/6 Hall Street",
          "Suburb": "Lyneham",
          "State": "ACT",
          "Postcode": 2602
        }
      }
    ]
  },