{
  "FutureLoadedElectorateMaps": 151,
  "FutureLoadedStateMaps": 8,
  "CurrentLoadedElectorateMaps": 150,
  "CurrentLoadedStateMaps": 8
}