[
  "Canberra",
  "Fenner",
  "Bean",
  "Bass",
  "Braddon",
  "Franklin",
  "Lyons",
  "Clark",
  "Adelaide",
  "Barker",
  "Boothby",
  "Grey",
  "Hindmarsh",
  "Kingston",
  "Makin",
  "Mayo",
  "Port Adelaide",
  "Sturt",
  "Wakefield",
  "Spence",
  "Aston",
  "Ballarat",
  "Batman",
  "Bendigo",
  "Bruce",
  "Calwell",
  "Casey",
  "Chisholm",
  "Corangamite",
  "Corio",
  "Deakin",
  "Dunkley",
  "Flinders",
  "Gellibrand",
  "Gippsland",
  "Goldstein",
  "Gorton",
  "Higgins",
  "Holt",
  "Hotham",
  "Indi",
  "Isaacs",
  "Jagajaga",
  "Kooyong",
  "La Trobe",
  "Lalor",
  "Mallee",
  "Maribyrnong",
  "McEwen",
  "McMillan",
  "Melbourne",
  "Melbourne Ports",
  "Menzies",
  "Murray",
  "Scullin",
  "Wannon",
  "Wills",
  "Cooper",
  "Fraser",
  "Macnamara",
  "Monash",
  "Nicholls",
  "Blair",
  "Bonner",
  "Bowman",
  "Brisbane",
  "Capricornia",
  "Dawson",
  "Dickson",
  "Fadden",
  "Fairfax",
  "Fisher",
  "Flynn",
  "Forde",
  "Griffith",
  "Groom",
  "Herbert",
  "Hinkler",
  "Kennedy",
  "Leichhardt",
  "Lilley",
  "Longman",
  "Maranoa",
  "McPherson",
  "Moncrieff",
  "Moreton",
  "Oxley",
  "Petrie",
  "Rankin",
  "Ryan",
  "Wide Bay",
  "Wright",
  "Lingiari",
  "Solomon",
  "Banks",
  "Barton",
  "Bennelong",
  "Berowra",
  "Blaxland",
  "Bradfield",
  "Calare",
  "Chifley",
  "Cook",
  "Cowper",
  "Cunningham",
  "Dobell",
  "Eden-Monaro",
  "Farrer",
  "Fowler",
  "Gilmore",
  "Grayndler",
  "Greenway",
  "Hughes",
  "Hume",
  "Hunter",
  "Kingsford Smith",
  "Lindsay",
  "Lyne",
  "Macarthur",
  "Mackellar",
  "Macquarie",
  "McMahon",
  "Mitchell",
  "New England",
  "Newcastle",
  "North Sydney",
  "Page",
  "Parkes",
  "Parramatta",
  "Paterson",
  "Reid",
  "Richmond",
  "Riverina",
  "Robertson",
  "Shortland",
  "Sydney",
  "Warringah",
  "Watson",
  "Wentworth",
  "Werriwa",
  "Whitlam",
  "Brand",
  "Canning",
  "Cowan",
  "Curtin",
  "Durack",
  "Forrest",
  "Fremantle",
  "Hasluck",
  "Moore",
  "Burt",
  "O'Connor",
  "Pearce",
  "Perth",
  "Stirling",
  "Swan",
  "Tangney"
]