[
  {
    DivisionNm: 'Adelaide',
    StateAb: 'SA',
    GivenNm: 'Steve',
    Surname: 'GEORGANAS',
    PartyNm: 'Australian Labor Party',
    PartyAb: 'ALP'
  },
  {
    DivisionNm: 'Aston',
    StateAb: 'VIC',
    GivenNm: 'Alan',
    Surname: 'TUDGE',
    PartyNm: 'Liberal',
    PartyAb: 'LP'
  },
  {
    DivisionNm: 'Ballarat',
    StateAb: 'VIC',
    GivenNm: 'Catherine',
    Surname: 'KING',
    PartyNm: 'Australian Labor Party',
    PartyAb: 'ALP'
  },
  {
    DivisionNm: 'Banks',
    StateAb: 'NSW',
    GivenNm: 'David',
    Surname: 'COLEMAN',
    PartyNm: 'Liberal',
    PartyAb: 'LP'
  },
  {
    DivisionNm: 'Barker',
    StateAb: 'SA',
    GivenNm: 'Tony',
    Surname: 'PASIN',
    PartyNm: 'Liberal',
    PartyAb: 'LP'
  },
  {
    DivisionNm: 'Barton',
    StateAb: 'NSW',
    GivenNm: 'Linda',
    Surname: 'BURNEY',
    PartyNm: 'Australian Labor Party',
    PartyAb: 'ALP'
  },
  {
    DivisionNm: 'Bass',
    StateAb: 'TAS',
    GivenNm: 'Bridget',
    Surname: 'ARCHER',
    PartyNm: 'Liberal',
    PartyAb: 'LP'
  },
  {
    DivisionNm: 'Bean',
    StateAb: 'ACT',
    GivenNm: 'David',
    Surname: 'SMITH',
    PartyNm: 'Australian Labor Party',
    PartyAb: 'ALP'
  },
  {
    DivisionNm: 'Bendigo',
    StateAb: 'VIC',
    GivenNm: 'Lisa',
    Surname: 'CHESTERS',
    PartyNm: 'Australian Labor Party',
    PartyAb: 'ALP'
  },
  {
    DivisionNm: 'Bennelong',
    StateAb: 'NSW',
    GivenNm: 'John',
    Surname: 'ALEXANDER',
    PartyNm: 'Liberal',
    PartyAb: 'LP'
  },
  {
    DivisionNm: 'Berowra',
    StateAb: 'NSW',
    GivenNm: 'Julian',
    Surname: 'LEESER',
    PartyNm: 'Liberal',
    PartyAb: 'LP'
  },
  {
    DivisionNm: 'Blair',
    StateAb: 'QLD',
    GivenNm: 'Shayne Kenneth',
    Surname: 'NEUMANN',
    PartyNm: 'Australian Labor Party',
    PartyAb: 'ALP'
  },
  {
    DivisionNm: 'Blaxland',
    StateAb: 'NSW',
    GivenNm: 'Jason',
    Surname: 'CLARE',
    PartyNm: 'Australian Labor Party',
    PartyAb: 'ALP'
  },
  {
    DivisionNm: 'Bonner',
    StateAb: 'QLD',
    GivenNm: 'Ross',
    Surname: 'VASTA',
    PartyNm: 'Liberal National Party',
    PartyAb: 'LNP'
  },
  {
    DivisionNm: 'Boothby',
    StateAb: 'SA',
    GivenNm: 'Nicolle',
    Surname: 'FLINT',
    PartyNm: 'Liberal',
    PartyAb: 'LP'
  },
  {
    DivisionNm: 'Bowman',
    StateAb: 'QLD',
    GivenNm: 'Andrew',
    Surname: 'LAMING',
    PartyNm: 'Liberal National Party',
    PartyAb: 'LNP'
  },
  {
    DivisionNm: 'Braddon',
    StateAb: 'TAS',
    GivenNm: 'Gavin',
    Surname: 'PEARCE',
    PartyNm: 'Liberal',
    PartyAb: 'LP'
  },
  {
    DivisionNm: 'Bradfield',
    StateAb: 'NSW',
    GivenNm: 'Paul',
    Surname: 'FLETCHER',
    PartyNm: 'Liberal',
    PartyAb: 'LP'
  },
  {
    DivisionNm: 'Brand',
    StateAb: 'WA',
    GivenNm: 'Madeleine',
    Surname: 'KING',
    PartyNm: 'Australian Labor Party',
    PartyAb: 'ALP'
  },
  {
    DivisionNm: 'Brisbane',
    StateAb: 'QLD',
    GivenNm: 'Trevor',
    Surname: 'EVANS',
    PartyNm: 'Liberal National Party',
    PartyAb: 'LNP'
  },
  {
    DivisionNm: 'Bruce',
    StateAb: 'VIC',
    GivenNm: 'Julian',
    Surname: 'HILL',
    PartyNm: 'Australian Labor Party',
    PartyAb: 'ALP'
  },
  {
    DivisionNm: 'Burt',
    StateAb: 'WA',
    GivenNm: 'Matt',
    Surname: 'KEOGH',
    PartyNm: 'Australian Labor Party',
    PartyAb: 'ALP'
  },
  {
    DivisionNm: 'Calare',
    StateAb: 'NSW',
    GivenNm: 'Andrew',
    Surname: 'GEE',
    PartyNm: 'The Nationals',
    PartyAb: 'NP'
  },
  {
    DivisionNm: 'Calwell',
    StateAb: 'VIC',
    GivenNm: 'Maria',
    Surname: 'VAMVAKINOU',
    PartyNm: 'Australian Labor Party',
    PartyAb: 'ALP'
  },
  {
    DivisionNm: 'Canberra',
    StateAb: 'ACT',
    GivenNm: 'Alicia',
    Surname: 'PAYNE',
    PartyNm: 'Australian Labor Party',
    PartyAb: 'ALP'
  },
  {
    DivisionNm: 'Canning',
    StateAb: 'WA',
    GivenNm: 'Andrew',
    Surname: 'HASTIE',
    PartyNm: 'Liberal',
    PartyAb: 'LP'
  },
  {
    DivisionNm: 'Capricornia',
    StateAb: 'QLD',
    GivenNm: 'Michelle',
    Surname: 'LANDRY',
    PartyNm: 'Liberal National Party',
    PartyAb: 'LNP'
  },
  {
    DivisionNm: 'Casey',
    StateAb: 'VIC',
    GivenNm: 'Tony',
    Surname: 'SMITH',
    PartyNm: 'Liberal',
    PartyAb: 'LP'
  },
  {
    DivisionNm: 'Chifley',
    StateAb: 'NSW',
    GivenNm: 'Ed',
    Surname: 'HUSIC',
    PartyNm: 'Australian Labor Party',
    PartyAb: 'ALP'
  },
  {
    DivisionNm: 'Chisholm',
    StateAb: 'VIC',
    GivenNm: 'Gladys',
    Surname: 'LIU',
    PartyNm: 'Liberal',
    PartyAb: 'LP'
  },
  {
    DivisionNm: 'Clark',
    StateAb: 'TAS',
    GivenNm: 'Andrew',
    Surname: 'WILKIE',
    PartyNm: 'Independent',
    PartyAb: 'IND'
  },
  {
    DivisionNm: 'Cook',
    StateAb: 'NSW',
    GivenNm: 'Scott',
    Surname: 'MORRISON',
    PartyNm: 'Liberal',
    PartyAb: 'LP'
  },
  {
    DivisionNm: 'Cooper',
    StateAb: 'VIC',
    GivenNm: 'Ged',
    Surname: 'KEARNEY',
    PartyNm: 'Australian Labor Party',
    PartyAb: 'ALP'
  },
  {
    DivisionNm: 'Corangamite',
    StateAb: 'VIC',
    GivenNm: 'Libby',
    Surname: 'COKER',
    PartyNm: 'Australian Labor Party',
    PartyAb: 'ALP'
  },
  {
    DivisionNm: 'Corio',
    StateAb: 'VIC',
    GivenNm: 'Richard',
    Surname: 'MARLES',
    PartyNm: 'Australian Labor Party',
    PartyAb: 'ALP'
  },
  {
    DivisionNm: 'Cowan',
    StateAb: 'WA',
    GivenNm: 'Anne',
    Surname: 'ALY',
    PartyNm: 'Australian Labor Party',
    PartyAb: 'ALP'
  },
  {
    DivisionNm: 'Cowper',
    StateAb: 'NSW',
    GivenNm: 'Pat',
    Surname: 'CONAGHAN',
    PartyNm: 'The Nationals',
    PartyAb: 'NP'
  },
  {
    DivisionNm: 'Cunningham',
    StateAb: 'NSW',
    GivenNm: 'Sharon',
    Surname: 'BIRD',
    PartyNm: 'Australian Labor Party',
    PartyAb: 'ALP'
  },
  {
    DivisionNm: 'Curtin',
    StateAb: 'WA',
    GivenNm: 'Celia',
    Surname: 'HAMMOND',
    PartyNm: 'Liberal',
    PartyAb: 'LP'
  },
  {
    DivisionNm: 'Dawson',
    StateAb: 'QLD',
    GivenNm: 'George',
    Surname: 'CHRISTENSEN',
    PartyNm: 'Liberal National Party',
    PartyAb: 'LNP'
  },
  {
    DivisionNm: 'Deakin',
    StateAb: 'VIC',
    GivenNm: 'Michael',
    Surname: 'SUKKAR',
    PartyNm: 'Liberal',
    PartyAb: 'LP'
  },
  {
    DivisionNm: 'Dickson',
    StateAb: 'QLD',
    GivenNm: 'Peter',
    Surname: 'DUTTON',
    PartyNm: 'Liberal National Party',
    PartyAb: 'LNP'
  },
  {
    DivisionNm: 'Dobell',
    StateAb: 'NSW',
    GivenNm: 'Emma',
    Surname: 'McBRIDE',
    PartyNm: 'Australian Labor Party',
    PartyAb: 'ALP'
  },
  {
    DivisionNm: 'Dunkley',
    StateAb: 'VIC',
    GivenNm: 'Peta',
    Surname: 'MURPHY',
    PartyNm: 'Australian Labor Party',
    PartyAb: 'ALP'
  },
  {
    DivisionNm: 'Durack',
    StateAb: 'WA',
    GivenNm: 'Melissa',
    Surname: 'PRICE',
    PartyNm: 'Liberal',
    PartyAb: 'LP'
  },
  {
    DivisionNm: 'Eden-Monaro',
    StateAb: 'NSW',
    GivenNm: 'Mike',
    Surname: 'KELLY',
    PartyNm: 'Australian Labor Party',
    PartyAb: 'ALP'
  },
  {
    DivisionNm: 'Fadden',
    StateAb: 'QLD',
    GivenNm: 'Stuart',
    Surname: 'ROBERT',
    PartyNm: 'Liberal National Party',
    PartyAb: 'LNP'
  },
  {
    DivisionNm: 'Fairfax',
    StateAb: 'QLD',
    GivenNm: 'Ted',
    Surname: 'O\'BRIEN',
    PartyNm: 'Liberal National Party',
    PartyAb: 'LNP'
  },
  {
    DivisionNm: 'Farrer',
    StateAb: 'NSW',
    GivenNm: 'Sussan',
    Surname: 'LEY',
    PartyNm: 'Liberal',
    PartyAb: 'LP'
  },
  {
    DivisionNm: 'Fenner',
    StateAb: 'ACT',
    GivenNm: 'Andrew',
    Surname: 'LEIGH',
    PartyNm: 'Australian Labor Party',
    PartyAb: 'ALP'
  },
  {
    DivisionNm: 'Fisher',
    StateAb: 'QLD',
    GivenNm: 'Andrew',
    Surname: 'WALLACE',
    PartyNm: 'Liberal National Party',
    PartyAb: 'LNP'
  },
  {
    DivisionNm: 'Flinders',
    StateAb: 'VIC',
    GivenNm: 'Greg',
    Surname: 'HUNT',
    PartyNm: 'Liberal',
    PartyAb: 'LP'
  },
  {
    DivisionNm: 'Flynn',
    StateAb: 'QLD',
    GivenNm: 'Ken',
    Surname: 'O\'DOWD',
    PartyNm: 'Liberal National Party',
    PartyAb: 'LNP'
  },
  {
    DivisionNm: 'Forde',
    StateAb: 'QLD',
    GivenNm: 'Bert',
    Surname: 'VAN MANEN',
    PartyNm: 'Liberal National Party',
    PartyAb: 'LNP'
  },
  {
    DivisionNm: 'Forrest',
    StateAb: 'WA',
    GivenNm: 'Nola',
    Surname: 'MARINO',
    PartyNm: 'Liberal',
    PartyAb: 'LP'
  },
  {
    DivisionNm: 'Fowler',
    StateAb: 'NSW',
    GivenNm: 'Chris',
    Surname: 'HAYES',
    PartyNm: 'Australian Labor Party',
    PartyAb: 'ALP'
  },
  {
    DivisionNm: 'Franklin',
    StateAb: 'TAS',
    GivenNm: 'Julie',
    Surname: 'COLLINS',
    PartyNm: 'Australian Labor Party',
    PartyAb: 'ALP'
  },
  {
    DivisionNm: 'Fraser',
    StateAb: 'VIC',
    GivenNm: 'Daniel',
    Surname: 'MULINO',
    PartyNm: 'Australian Labor Party',
    PartyAb: 'ALP'
  },
  {
    DivisionNm: 'Fremantle',
    StateAb: 'WA',
    GivenNm: 'Josh',
    Surname: 'WILSON',
    PartyNm: 'Australian Labor Party',
    PartyAb: 'ALP'
  },
  {
    DivisionNm: 'Gellibrand',
    StateAb: 'VIC',
    GivenNm: 'Tim',
    Surname: 'WATTS',
    PartyNm: 'Australian Labor Party',
    PartyAb: 'ALP'
  },
  {
    DivisionNm: 'Gilmore',
    StateAb: 'NSW',
    GivenNm: 'Fiona',
    Surname: 'PHILLIPS',
    PartyNm: 'Australian Labor Party',
    PartyAb: 'ALP'
  },
  {
    DivisionNm: 'Gippsland',
    StateAb: 'VIC',
    GivenNm: 'Darren',
    Surname: 'CHESTER',
    PartyNm: 'The Nationals',
    PartyAb: 'NP'
  },
  {
    DivisionNm: 'Goldstein',
    StateAb: 'VIC',
    GivenNm: 'Tim',
    Surname: 'WILSON',
    PartyNm: 'Liberal',
    PartyAb: 'LP'
  },
  {
    DivisionNm: 'Gorton',
    StateAb: 'VIC',
    GivenNm: 'Brendan',
    Surname: 'O\'CONNOR',
    PartyNm: 'Australian Labor Party',
    PartyAb: 'ALP'
  },
  {
    DivisionNm: 'Grayndler',
    StateAb: 'NSW',
    GivenNm: 'Anthony',
    Surname: 'ALBANESE',
    PartyNm: 'Australian Labor Party',
    PartyAb: 'ALP'
  },
  {
    DivisionNm: 'Greenway',
    StateAb: 'NSW',
    GivenNm: 'Michelle',
    Surname: 'ROWLAND',
    PartyNm: 'Australian Labor Party',
    PartyAb: 'ALP'
  },
  {
    DivisionNm: 'Grey',
    StateAb: 'SA',
    GivenNm: 'Rowan',
    Surname: 'RAMSEY',
    PartyNm: 'Liberal',
    PartyAb: 'LP'
  },
  {
    DivisionNm: 'Griffith',
    StateAb: 'QLD',
    GivenNm: 'Terri',
    Surname: 'BUTLER',
    PartyNm: 'Australian Labor Party',
    PartyAb: 'ALP'
  },
  {
    DivisionNm: 'Groom',
    StateAb: 'QLD',
    GivenNm: 'John',
    Surname: 'McVEIGH',
    PartyNm: 'Liberal National Party',
    PartyAb: 'LNP'
  },
  {
    DivisionNm: 'Hasluck',
    StateAb: 'WA',
    GivenNm: 'Ken',
    Surname: 'WYATT',
    PartyNm: 'Liberal',
    PartyAb: 'LP'
  },
  {
    DivisionNm: 'Herbert',
    StateAb: 'QLD',
    GivenNm: 'Phillip',
    Surname: 'THOMPSON',
    PartyNm: 'Liberal National Party',
    PartyAb: 'LNP'
  },
  {
    DivisionNm: 'Higgins',
    StateAb: 'VIC',
    GivenNm: 'Katie',
    Surname: 'ALLEN',
    PartyNm: 'Liberal',
    PartyAb: 'LP'
  },
  {
    DivisionNm: 'Hindmarsh',
    StateAb: 'SA',
    GivenNm: 'Mark',
    Surname: 'BUTLER',
    PartyNm: 'Australian Labor Party',
    PartyAb: 'ALP'
  },
  {
    DivisionNm: 'Hinkler',
    StateAb: 'QLD',
    GivenNm: 'Keith',
    Surname: 'PITT',
    PartyNm: 'Liberal National Party',
    PartyAb: 'LNP'
  },
  {
    DivisionNm: 'Holt',
    StateAb: 'VIC',
    GivenNm: 'Anthony',
    Surname: 'BYRNE',
    PartyNm: 'Australian Labor Party',
    PartyAb: 'ALP'
  },
  {
    DivisionNm: 'Hotham',
    StateAb: 'VIC',
    GivenNm: 'Clare',
    Surname: 'O\'NEIL',
    PartyNm: 'Australian Labor Party',
    PartyAb: 'ALP'
  },
  {
    DivisionNm: 'Hughes',
    StateAb: 'NSW',
    GivenNm: 'Craig',
    Surname: 'KELLY',
    PartyNm: 'Liberal',
    PartyAb: 'LP'
  },
  {
    DivisionNm: 'Hume',
    StateAb: 'NSW',
    GivenNm: 'Angus',
    Surname: 'TAYLOR',
    PartyNm: 'Liberal',
    PartyAb: 'LP'
  },
  {
    DivisionNm: 'Hunter',
    StateAb: 'NSW',
    GivenNm: 'Joel',
    Surname: 'FITZGIBBON',
    PartyNm: 'Australian Labor Party',
    PartyAb: 'ALP'
  },
  {
    DivisionNm: 'Indi',
    StateAb: 'VIC',
    GivenNm: 'Helen',
    Surname: 'HAINES',
    PartyNm: 'Independent',
    PartyAb: 'IND'
  },
  {
    DivisionNm: 'Isaacs',
    StateAb: 'VIC',
    GivenNm: 'Mark',
    Surname: 'DREYFUS',
    PartyNm: 'Australian Labor Party',
    PartyAb: 'ALP'
  },
  {
    DivisionNm: 'Jagajaga',
    StateAb: 'VIC',
    GivenNm: 'Kate',
    Surname: 'THWAITES',
    PartyNm: 'Australian Labor Party',
    PartyAb: 'ALP'
  },
  {
    DivisionNm: 'Kennedy',
    StateAb: 'QLD',
    GivenNm: 'Bob',
    Surname: 'KATTER',
    PartyNm: 'Katter\'s Australian Party (KAP)',
    PartyAb: 'KAP'
  },
  {
    DivisionNm: 'Kingsford Smith',
    StateAb: 'NSW',
    GivenNm: 'Matt',
    Surname: 'THISTLETHWAITE',
    PartyNm: 'Australian Labor Party',
    PartyAb: 'ALP'
  },
  {
    DivisionNm: 'Kingston',
    StateAb: 'SA',
    GivenNm: 'Amanda',
    Surname: 'RISHWORTH',
    PartyNm: 'Australian Labor Party',
    PartyAb: 'ALP'
  },
  {
    DivisionNm: 'Kooyong',
    StateAb: 'VIC',
    GivenNm: 'Josh',
    Surname: 'FRYDENBERG',
    PartyNm: 'Liberal',
    PartyAb: 'LP'
  },
  {
    DivisionNm: 'La Trobe',
    StateAb: 'VIC',
    GivenNm: 'Jason',
    Surname: 'WOOD',
    PartyNm: 'Liberal',
    PartyAb: 'LP'
  },
  {
    DivisionNm: 'Lalor',
    StateAb: 'VIC',
    GivenNm: 'Joanne',
    Surname: 'RYAN',
    PartyNm: 'Australian Labor Party',
    PartyAb: 'ALP'
  },
  {
    DivisionNm: 'Leichhardt',
    StateAb: 'QLD',
    GivenNm: 'Warren',
    Surname: 'ENTSCH',
    PartyNm: 'Liberal National Party',
    PartyAb: 'LNP'
  },
  {
    DivisionNm: 'Lilley',
    StateAb: 'QLD',
    GivenNm: 'Anika',
    Surname: 'WELLS',
    PartyNm: 'Australian Labor Party',
    PartyAb: 'ALP'
  },
  {
    DivisionNm: 'Lindsay',
    StateAb: 'NSW',
    GivenNm: 'Melissa',
    Surname: 'McINTOSH',
    PartyNm: 'Liberal',
    PartyAb: 'LP'
  },
  {
    DivisionNm: 'Lingiari',
    StateAb: 'NT',
    GivenNm: 'Warren',
    Surname: 'SNOWDON',
    PartyNm: 'Australian Labor Party',
    PartyAb: 'ALP'
  },
  {
    DivisionNm: 'Longman',
    StateAb: 'QLD',
    GivenNm: 'Terry',
    Surname: 'YOUNG',
    PartyNm: 'Liberal National Party',
    PartyAb: 'LNP'
  },
  {
    DivisionNm: 'Lyne',
    StateAb: 'NSW',
    GivenNm: 'David',
    Surname: 'GILLESPIE',
    PartyNm: 'The Nationals',
    PartyAb: 'NP'
  },
  {
    DivisionNm: 'Lyons',
    StateAb: 'TAS',
    GivenNm: 'Brian',
    Surname: 'MITCHELL',
    PartyNm: 'Australian Labor Party',
    PartyAb: 'ALP'
  },
  {
    DivisionNm: 'Macarthur',
    StateAb: 'NSW',
    GivenNm: 'Mike',
    Surname: 'FREELANDER',
    PartyNm: 'Australian Labor Party',
    PartyAb: 'ALP'
  },
  {
    DivisionNm: 'Mackellar',
    StateAb: 'NSW',
    GivenNm: 'Jason',
    Surname: 'FALINSKI',
    PartyNm: 'Liberal',
    PartyAb: 'LP'
  },
  {
    DivisionNm: 'Macnamara',
    StateAb: 'VIC',
    GivenNm: 'Josh',
    Surname: 'BURNS',
    PartyNm: 'Australian Labor Party',
    PartyAb: 'ALP'
  },
  {
    DivisionNm: 'Macquarie',
    StateAb: 'NSW',
    GivenNm: 'Susan',
    Surname: 'TEMPLEMAN',
    PartyNm: 'Australian Labor Party',
    PartyAb: 'ALP'
  },
  {
    DivisionNm: 'Makin',
    StateAb: 'SA',
    GivenNm: 'Tony',
    Surname: 'ZAPPIA',
    PartyNm: 'Australian Labor Party',
    PartyAb: 'ALP'
  },
  {
    DivisionNm: 'Mallee',
    StateAb: 'VIC',
    GivenNm: 'Anne',
    Surname: 'WEBSTER',
    PartyNm: 'The Nationals',
    PartyAb: 'NP'
  },
  {
    DivisionNm: 'Maranoa',
    StateAb: 'QLD',
    GivenNm: 'David',
    Surname: 'LITTLEPROUD',
    PartyNm: 'Liberal National Party',
    PartyAb: 'LNP'
  },
  {
    DivisionNm: 'Maribyrnong',
    StateAb: 'VIC',
    GivenNm: 'Bill',
    Surname: 'SHORTEN',
    PartyNm: 'Australian Labor Party',
    PartyAb: 'ALP'
  },
  {
    DivisionNm: 'Mayo',
    StateAb: 'SA',
    GivenNm: 'Rebekha',
    Surname: 'SHARKIE',
    PartyNm: 'Centre Alliance',
    PartyAb: 'XEN'
  },
  {
    DivisionNm: 'McEwen',
    StateAb: 'VIC',
    GivenNm: 'Rob',
    Surname: 'MITCHELL',
    PartyNm: 'Australian Labor Party',
    PartyAb: 'ALP'
  },
  {
    DivisionNm: 'McMahon',
    StateAb: 'NSW',
    GivenNm: 'Chris',
    Surname: 'BOWEN',
    PartyNm: 'Australian Labor Party',
    PartyAb: 'ALP'
  },
  {
    DivisionNm: 'McPherson',
    StateAb: 'QLD',
    GivenNm: 'Karen',
    Surname: 'ANDREWS',
    PartyNm: 'Liberal National Party',
    PartyAb: 'LNP'
  },
  {
    DivisionNm: 'Melbourne',
    StateAb: 'VIC',
    GivenNm: 'Adam',
    Surname: 'BANDT',
    PartyNm: 'The Greens',
    PartyAb: 'GRN'
  },
  {
    DivisionNm: 'Menzies',
    StateAb: 'VIC',
    GivenNm: 'Kevin',
    Surname: 'ANDREWS',
    PartyNm: 'Liberal',
    PartyAb: 'LP'
  },
  {
    DivisionNm: 'Mitchell',
    StateAb: 'NSW',
    GivenNm: 'Alex',
    Surname: 'HAWKE',
    PartyNm: 'Liberal',
    PartyAb: 'LP'
  },
  {
    DivisionNm: 'Monash',
    StateAb: 'VIC',
    GivenNm: 'Russell',
    Surname: 'BROADBENT',
    PartyNm: 'Liberal',
    PartyAb: 'LP'
  },
  {
    DivisionNm: 'Moncrieff',
    StateAb: 'QLD',
    GivenNm: 'Angie',
    Surname: 'BELL',
    PartyNm: 'Liberal National Party',
    PartyAb: 'LNP'
  },
  {
    DivisionNm: 'Moore',
    StateAb: 'WA',
    GivenNm: 'Ian',
    Surname: 'GOODENOUGH',
    PartyNm: 'Liberal',
    PartyAb: 'LP'
  },
  {
    DivisionNm: 'Moreton',
    StateAb: 'QLD',
    GivenNm: 'Graham',
    Surname: 'PERRETT',
    PartyNm: 'Australian Labor Party',
    PartyAb: 'ALP'
  },
  {
    DivisionNm: 'New England',
    StateAb: 'NSW',
    GivenNm: 'Barnaby',
    Surname: 'JOYCE',
    PartyNm: 'The Nationals',
    PartyAb: 'NP'
  },
  {
    DivisionNm: 'Newcastle',
    StateAb: 'NSW',
    GivenNm: 'Sharon',
    Surname: 'CLAYDON',
    PartyNm: 'Australian Labor Party',
    PartyAb: 'ALP'
  },
  {
    DivisionNm: 'Nicholls',
    StateAb: 'VIC',
    GivenNm: 'Damian',
    Surname: 'DRUM',
    PartyNm: 'The Nationals',
    PartyAb: 'NP'
  },
  {
    DivisionNm: 'North Sydney',
    StateAb: 'NSW',
    GivenNm: 'Trent',
    Surname: 'ZIMMERMAN',
    PartyNm: 'Liberal',
    PartyAb: 'LP'
  },
  {
    DivisionNm: 'O\'Connor',
    StateAb: 'WA',
    GivenNm: 'Rick',
    Surname: 'WILSON',
    PartyNm: 'Liberal',
    PartyAb: 'LP'
  },
  {
    DivisionNm: 'Oxley',
    StateAb: 'QLD',
    GivenNm: 'Milton',
    Surname: 'DICK',
    PartyNm: 'Australian Labor Party',
    PartyAb: 'ALP'
  },
  {
    DivisionNm: 'Page',
    StateAb: 'NSW',
    GivenNm: 'Kevin',
    Surname: 'HOGAN',
    PartyNm: 'The Nationals',
    PartyAb: 'NP'
  },
  {
    DivisionNm: 'Parkes',
    StateAb: 'NSW',
    GivenNm: 'Mark',
    Surname: 'COULTON',
    PartyNm: 'The Nationals',
    PartyAb: 'NP'
  },
  {
    DivisionNm: 'Parramatta',
    StateAb: 'NSW',
    GivenNm: 'Julie',
    Surname: 'OWENS',
    PartyNm: 'Australian Labor Party',
    PartyAb: 'ALP'
  },
  {
    DivisionNm: 'Paterson',
    StateAb: 'NSW',
    GivenNm: 'Meryl',
    Surname: 'SWANSON',
    PartyNm: 'Australian Labor Party',
    PartyAb: 'ALP'
  },
  {
    DivisionNm: 'Pearce',
    StateAb: 'WA',
    GivenNm: 'Christian',
    Surname: 'PORTER',
    PartyNm: 'Liberal',
    PartyAb: 'LP'
  },
  {
    DivisionNm: 'Perth',
    StateAb: 'WA',
    GivenNm: 'Patrick',
    Surname: 'GORMAN',
    PartyNm: 'Australian Labor Party',
    PartyAb: 'ALP'
  },
  {
    DivisionNm: 'Petrie',
    StateAb: 'QLD',
    GivenNm: 'Luke',
    Surname: 'HOWARTH',
    PartyNm: 'Liberal National Party',
    PartyAb: 'LNP'
  },
  {
    DivisionNm: 'Rankin',
    StateAb: 'QLD',
    GivenNm: 'Jim',
    Surname: 'CHALMERS',
    PartyNm: 'Australian Labor Party',
    PartyAb: 'ALP'
  },
  {
    DivisionNm: 'Reid',
    StateAb: 'NSW',
    GivenNm: 'Fiona',
    Surname: 'MARTIN',
    PartyNm: 'Liberal',
    PartyAb: 'LP'
  },
  {
    DivisionNm: 'Richmond',
    StateAb: 'NSW',
    GivenNm: 'Justine',
    Surname: 'ELLIOT',
    PartyNm: 'Australian Labor Party',
    PartyAb: 'ALP'
  },
  {
    DivisionNm: 'Riverina',
    StateAb: 'NSW',
    GivenNm: 'Michael',
    Surname: 'McCORMACK',
    PartyNm: 'The Nationals',
    PartyAb: 'NP'
  },
  {
    DivisionNm: 'Robertson',
    StateAb: 'NSW',
    GivenNm: 'Lucy',
    Surname: 'WICKS',
    PartyNm: 'Liberal',
    PartyAb: 'LP'
  },
  {
    DivisionNm: 'Ryan',
    StateAb: 'QLD',
    GivenNm: 'Julian',
    Surname: 'SIMMONDS',
    PartyNm: 'Liberal National Party',
    PartyAb: 'LNP'
  },
  {
    DivisionNm: 'Scullin',
    StateAb: 'VIC',
    GivenNm: 'Andrew',
    Surname: 'GILES',
    PartyNm: 'Australian Labor Party',
    PartyAb: 'ALP'
  },
  {
    DivisionNm: 'Shortland',
    StateAb: 'NSW',
    GivenNm: 'Pat',
    Surname: 'CONROY',
    PartyNm: 'Australian Labor Party',
    PartyAb: 'ALP'
  },
  {
    DivisionNm: 'Solomon',
    StateAb: 'NT',
    GivenNm: 'Luke John',
    Surname: 'GOSLING',
    PartyNm: 'Australian Labor Party',
    PartyAb: 'ALP'
  },
  {
    DivisionNm: 'Spence',
    StateAb: 'SA',
    GivenNm: 'Nick',
    Surname: 'CHAMPION',
    PartyNm: 'Australian Labor Party',
    PartyAb: 'ALP'
  },
  {
    DivisionNm: 'Stirling',
    StateAb: 'WA',
    GivenNm: 'Vince',
    Surname: 'CONNELLY',
    PartyNm: 'Liberal',
    PartyAb: 'LP'
  },
  {
    DivisionNm: 'Sturt',
    StateAb: 'SA',
    GivenNm: 'James',
    Surname: 'STEVENS',
    PartyNm: 'Liberal',
    PartyAb: 'LP'
  },
  {
    DivisionNm: 'Swan',
    StateAb: 'WA',
    GivenNm: 'Steve',
    Surname: 'IRONS',
    PartyNm: 'Liberal',
    PartyAb: 'LP'
  },
  {
    DivisionNm: 'Sydney',
    StateAb: 'NSW',
    GivenNm: 'Tanya',
    Surname: 'PLIBERSEK',
    PartyNm: 'Australian Labor Party',
    PartyAb: 'ALP'
  },
  {
    DivisionNm: 'Tangney',
    StateAb: 'WA',
    GivenNm: 'Ben',
    Surname: 'MORTON',
    PartyNm: 'Liberal',
    PartyAb: 'LP'
  },
  {
    DivisionNm: 'Wannon',
    StateAb: 'VIC',
    GivenNm: 'Dan',
    Surname: 'TEHAN',
    PartyNm: 'Liberal',
    PartyAb: 'LP'
  },
  {
    DivisionNm: 'Warringah',
    StateAb: 'NSW',
    GivenNm: 'Zali',
    Surname: 'STEGGALL',
    PartyNm: 'Independent',
    PartyAb: 'IND'
  },
  {
    DivisionNm: 'Watson',
    StateAb: 'NSW',
    GivenNm: 'Tony',
    Surname: 'BURKE',
    PartyNm: 'Australian Labor Party',
    PartyAb: 'ALP'
  },
  {
    DivisionNm: 'Wentworth',
    StateAb: 'NSW',
    GivenNm: 'Dave',
    Surname: 'SHARMA',
    PartyNm: 'Liberal',
    PartyAb: 'LP'
  },
  {
    DivisionNm: 'Werriwa',
    StateAb: 'NSW',
    GivenNm: 'Anne Maree',
    Surname: 'STANLEY',
    PartyNm: 'Australian Labor Party',
    PartyAb: 'ALP'
  },
  {
    DivisionNm: 'Whitlam',
    StateAb: 'NSW',
    GivenNm: 'Stephen',
    Surname: 'JONES',
    PartyNm: 'Australian Labor Party',
    PartyAb: 'ALP'
  },
  {
    DivisionNm: 'Wide Bay',
    StateAb: 'QLD',
    GivenNm: 'Llew',
    Surname: 'O\'BRIEN',
    PartyNm: 'Liberal National Party',
    PartyAb: 'LNP'
  },
  {
    DivisionNm: 'Wills',
    StateAb: 'VIC',
    GivenNm: 'Peter',
    Surname: 'KHALIL',
    PartyNm: 'Australian Labor Party',
    PartyAb: 'ALP'
  },
  {
    DivisionNm: 'Wright',
    StateAb: 'QLD',
    GivenNm: 'Scott',
    Surname: 'BUCHHOLZ',
    PartyNm: 'Liberal National Party',
    PartyAb: 'LNP'
  }
]